language=kt
contentLen=570
highlightLineCount=30
totalTokens=149
line_0=[0-8:namespace,8-11:variable,11-12:punctuation.delimiter,12-19:variable,19-20:punctuation.delimiter,20-23:namespace]
line_2=[0-4:keyword,5-10:keyword,11-15:type,15-16:punctuation.bracket,16-17:constructor]
line_3=[0-4:constructor,4-7:keyword,7-8:constructor,8-10:property,10-11:punctuation.delimiter,11-12:constructor,12-16:type.builtin,16-17:punctuation.delimiter,17-18:constructor]
line_4=[0-4:constructor,4-7:keyword,7-8:constructor,8-12:property,12-13:punctuation.delimiter,13-14:constructor,14-20:type.builtin,20-21:punctuation.delimiter,21-22:constructor]
line_5=[0-4:constructor,4-7:keyword,7-8:constructor,8-13:property,13-14:punctuation.delimiter,14-15:constructor,15-21:type.builtin,21-22:punctuation.delimiter,22-23:constructor]
line_6=[0-4:constructor,4-7:keyword,7-8:constructor,8-14:property,14-15:punctuation.delimiter,15-16:constructor,16-23:type.builtin,23-24:constructor,24-25:operator,25-26:constructor,26-30:boolean,30-31:punctuation.delimiter,31-32:constructor]
line_7=[0-1:punctuation.bracket]
line_9=[0-6:keyword,7-21:type,22-23:punctuation.bracket]
line_10=[4-11:keyword,12-15:keyword,16-21:property,22-23:operator,24-37:function,37-38:operator,38-42:type,42-43:operator,43-44:punctuation.bracket,44-45:punctuation.bracket]
line_12=[4-7:keyword.function,8-11:function,11-12:punctuation.bracket,12-16:parameter,16-17:punctuation.delimiter,18-22:type,22-23:punctuation.bracket,24-25:punctuation.bracket]
line_13=[8-13:variable,13-14:punctuation.delimiter,14-17:function,17-18:punctuation.bracket,18-22:variable,22-23:punctuation.bracket]
line_14=[4-5:punctuation.bracket]
line_16=[4-7:keyword.function,8-12:function,12-13:punctuation.bracket,13-15:parameter,15-16:punctuation.delimiter,17-21:type.builtin,21-22:punctuation.bracket,22-23:punctuation.delimiter,24-28:type,30-31:operator,32-37:variable,37-38:punctuation.delimiter,38-49:function,50-51:punctuation.bracket,52-54:variable.builtin,54-55:punctuation.delimiter,55-57:property,58-60:operator,61-63:variable,64-65:punctuation.bracket]
line_18=[14-20:keyword,21-22:punctuation.bracket]
line_19=[8-13:keyword,14-17:keyword,18-25:property,25-26:punctuation.delimiter,27-33:type.builtin,34-35:operator,36-41:string]
line_20=[4-5:punctuation.bracket]
line_21=[0-1:punctuation.bracket]
line_23=[0-3:keyword.function,4-8:function,8-9:punctuation.bracket,9-10:punctuation.bracket,11-12:punctuation.bracket]
line_24=[4-7:keyword,8-12:variable,13-14:operator,15-19:function,19-20:punctuation.bracket,20-21:number,21-22:punctuation.delimiter,23-30:string,30-31:punctuation.delimiter,32-51:string,51-52:punctuation.bracket]
line_25=[4-18:variable,18-19:punctuation.delimiter,19-22:function,22-23:punctuation.bracket,23-27:variable,27-28:punctuation.bracket]
line_26=[4-7:keyword,8-13:variable,14-15:operator,16-30:variable,30-31:punctuation.delimiter,31-35:function,35-36:punctuation.bracket,36-37:number,37-38:punctuation.bracket]
line_27=[4-11:function,11-12:punctuation.bracket,12-17:variable,17-19:operator,19-23:property,23-24:punctuation.bracket]
line_28=[0-1:punctuation.bracket]
outline=
class_declaration:User(25-138)
function_declaration:add(215-266)
function_declaration:find(272-333)
function_declaration:main(409-569)
