language=ts
contentLen=490
highlightLineCount=24
totalTokens=103
line_0=[0-6:keyword,7-16:keyword,17-23:type,24-25:punctuation.bracket]
line_1=[4-8:property,10-16:type.builtin,16-17:punctuation.delimiter]
line_2=[4-11:property,13-19:type.builtin,19-20:punctuation.delimiter]
line_3=[4-9:property,11-18:type.builtin,18-19:punctuation.delimiter]
line_4=[0-1:punctuation.bracket]
line_6=[0-6:keyword,7-11:keyword,12-15:type,16-17:operator,18-23:string,24-25:operator,26-32:string,32-33:punctuation.delimiter]
line_8=[0-6:keyword,7-15:keyword,16-28:function,28-29:punctuation.bracket,29-33:variable.parameter,35-41:type.builtin,41-42:punctuation.delimiter,43-50:variable.parameter,52-58:type.builtin,58-59:punctuation.bracket,61-67:type,68-69:punctuation.bracket]
line_9=[4-10:keyword,11-12:punctuation.bracket,17-18:punctuation.delimiter,26-27:punctuation.delimiter,28-33:property,35-40:constant.builtin,41-42:punctuation.bracket,42-43:punctuation.delimiter]
line_10=[0-1:punctuation.bracket]
line_12=[0-6:keyword,7-12:keyword,13-21:type,22-23:punctuation.bracket]
line_13=[4-11:keyword,12-17:property,19-22:type,22-23:punctuation.bracket,23-29:type.builtin,29-30:punctuation.delimiter,31-37:type,37-38:punctuation.bracket,39-40:operator,41-44:keyword,45-48:constructor,48-49:punctuation.bracket,49-50:punctuation.bracket,50-51:punctuation.delimiter]
line_15=[4-7:function.method,7-8:punctuation.bracket,8-14:variable.parameter,16-22:type,22-23:punctuation.bracket,25-29:type.builtin,30-31:punctuation.bracket]
line_16=[8-12:variable.builtin,12-13:punctuation.delimiter,13-18:property,18-19:punctuation.delimiter,19-22:function.method,22-23:punctuation.bracket,23-29:variable,29-30:punctuation.delimiter,30-34:property,34-35:punctuation.delimiter,36-42:variable,42-43:punctuation.bracket,43-44:punctuation.delimiter]
line_17=[4-5:punctuation.bracket]
line_19=[4-7:function.method,7-8:punctuation.bracket,8-12:variable.parameter,14-20:type.builtin,20-21:punctuation.bracket,23-29:type,30-31:operator,32-41:constant.builtin,42-43:punctuation.bracket]
line_20=[8-14:keyword,15-19:variable.builtin,19-20:punctuation.delimiter,20-25:property,25-26:punctuation.delimiter,26-29:function.method,29-30:punctuation.bracket,30-34:variable,34-35:punctuation.bracket,35-36:punctuation.delimiter]
line_21=[4-5:punctuation.bracket]
line_22=[0-1:punctuation.bracket]
outline=
interface_declaration:Config(7-86)
type_alias_declaration:Env(95-121)
function_declaration:createConfig(130-238)
class_declaration:Registry(247-489)
  method_definition:add(321-399)
  method_definition:get(405-487)
