language=tsx
contentLen=414
highlightLineCount=19
totalTokens=97
line_0=[0-6:keyword,7-12:constructor,12-13:punctuation.delimiter,14-15:punctuation.bracket,16-24:variable,25-26:punctuation.bracket,27-31:keyword,32-39:string,39-40:punctuation.delimiter]
line_2=[0-9:keyword,10-15:type,16-17:punctuation.bracket]
line_3=[4-9:property,11-17:type.builtin,17-18:punctuation.delimiter]
line_4=[4-9:property,12-18:type.builtin,18-19:punctuation.delimiter]
line_5=[0-1:punctuation.bracket]
line_7=[0-6:keyword,7-15:keyword,16-23:function,23-24:punctuation.bracket,24-25:punctuation.bracket,31-32:punctuation.delimiter,39-40:operator,41-42:number,43-44:punctuation.bracket,46-51:type,51-52:punctuation.bracket,53-54:punctuation.bracket]
line_8=[4-9:keyword,10-11:punctuation.bracket,11-16:variable,16-17:punctuation.delimiter,18-26:variable,26-27:punctuation.bracket,28-29:operator,30-38:function,38-39:punctuation.bracket,39-45:type.builtin,45-46:punctuation.bracket,46-47:punctuation.bracket,47-52:variable,52-53:punctuation.bracket,53-54:punctuation.delimiter]
line_10=[4-10:keyword,11-12:punctuation.bracket]
line_11=[8-9:punctuation.bracket,9-12:tag,13-22:attribute,22-23:operator,23-32:string,32-33:punctuation.bracket]
line_12=[12-13:punctuation.bracket,13-15:tag,15-16:punctuation.bracket,16-17:punctuation.bracket,17-22:variable,22-23:punctuation.bracket,23-25:punctuation.bracket,25-27:tag,27-28:punctuation.bracket]
line_13=[12-13:punctuation.bracket,13-19:tag,20-27:attribute,27-28:operator,28-29:punctuation.bracket,29-30:punctuation.bracket,30-31:punctuation.bracket,32-34:operator,35-43:function,43-44:punctuation.bracket,44-49:variable,50-51:operator,52-53:number,53-54:punctuation.bracket,54-55:punctuation.bracket,55-56:punctuation.bracket,58-60:punctuation.bracket,60-66:tag,66-67:punctuation.bracket]
line_14=[12-13:punctuation.bracket,13-17:tag,17-18:punctuation.bracket,18-19:punctuation.bracket,19-24:variable,24-25:punctuation.bracket,25-27:punctuation.bracket,27-31:tag,31-32:punctuation.bracket]
line_15=[8-10:punctuation.bracket,10-13:tag,13-14:punctuation.bracket]
line_16=[4-5:punctuation.bracket,5-6:punctuation.delimiter]
line_17=[0-1:punctuation.bracket]
outline=
interface_declaration:Props(42-100)
function_declaration:Counter(109-413)
