language=ini
contentLen=181
highlightLineCount=16
totalTokens=28
line_0=[0-14:comment]
line_1=[0-1:punctuation.bracket,1-4:type,4-5:punctuation.bracket]
line_2=[0-4:property,5-6:operator]
line_3=[0-7:property,8-9:operator]
line_4=[0-5:property,6-7:operator]
line_5=[0-13:property,14-15:operator]
line_7=[0-1:punctuation.bracket,1-7:type,7-8:punctuation.bracket]
line_8=[0-5:property,6-7:operator]
line_9=[0-6:property,7-8:operator]
line_10=[0-5:property,6-7:operator]
line_12=[0-1:punctuation.bracket,1-7:type,7-8:punctuation.bracket]
line_13=[0-8:property,9-10:operator]
line_14=[0-13:property,14-15:operator]
outline=
