language=json
contentLen=577
highlightLineCount=25
totalTokens=34
line_1=[4-10:property,12-20:string]
line_2=[4-13:property,15-22:string]
line_3=[4-17:property,19-46:string]
line_4=[4-12:property]
line_5=[8-14:property,16-25:string]
line_6=[8-15:property,17-37:string]
line_8=[4-13:property]
line_9=[8-15:property,17-31:string]
line_10=[8-14:property,16-29:string]
line_11=[8-14:property,16-29:string]
line_13=[4-18:property]
line_14=[8-17:property,19-28:string]
line_15=[8-20:property,22-31:string]
line_17=[4-21:property]
line_18=[8-17:property,19-28:string]
line_20=[4-14:property,17-26:string,28-41:string,43-52:string]
line_21=[4-13:property,15-20:string]
line_22=[4-13:property,15-19:constant.builtin]
outline=
