language=yaml
contentLen=229
highlightLineCount=15
totalTokens=33
line_0=[0-4:property,4-5:punctuation.delimiter,6-12:string]
line_1=[0-7:property,7-8:punctuation.delimiter,9-14:string]
line_3=[0-8:property,8-9:punctuation.delimiter]
line_4=[2-8:property,8-9:punctuation.delimiter]
line_5=[4-9:property,9-10:punctuation.delimiter,11-31:string]
line_6=[4-9:property,9-10:punctuation.delimiter]
line_7=[6-7:punctuation.delimiter,8-19:string]
line_8=[4-15:property,15-16:punctuation.delimiter]
line_9=[6-15:property,15-16:punctuation.delimiter,17-21:string]
line_10=[6-19:property,19-20:punctuation.delimiter,21-28:number]
line_12=[0-8:property,8-9:punctuation.delimiter]
line_13=[2-7:property,7-8:punctuation.delimiter,9-13:string]
line_14=[2-17:property,17-18:punctuation.delimiter,19-23:boolean]
outline=
