language=py
contentLen=847
highlightLineCount=39
totalTokens=113
line_0=[0-6:keyword,7-9:variable]
line_1=[0-6:keyword,7-10:variable]
line_2=[0-4:keyword,5-11:variable,12-18:keyword,19-23:constructor,25-33:constructor]
line_5=[0-5:keyword,6-13:constructor]
line_6=[4-33:string]
line_8=[4-7:keyword,8-16:function,17-21:variable,23-27:variable,29-32:type,34-40:variable,42-46:type,47-48:operator,49-54:constant.builtin]
line_9=[8-12:variable,13-17:property,18-19:operator,20-24:variable]
line_10=[8-12:variable,13-19:property,20-21:operator,22-28:variable]
line_11=[8-12:variable,13-23:property,25-29:constructor,30-33:type,35-36:operator]
line_13=[4-5:function,5-13:function]
line_14=[4-7:keyword,8-22:function,23-27:variable,29-31:operator,32-35:type]
line_15=[8-14:keyword,15-18:function.builtin,19-23:variable,24-34:property]
line_17=[4-7:keyword,8-13:function,14-18:variable,20-29:variable,31-34:type,36-38:operator,39-42:type]
line_18=[8-34:string]
line_19=[8-10:keyword,11-15:variable,16-22:property]
line_20=[12-15:variable,16-17:operator,18-30:string,30-31:punctuation.special,31-40:variable,40-41:embedded,41-43:string]
line_21=[8-12:keyword]
line_22=[12-15:variable,16-17:operator,18-27:string,27-28:punctuation.special,28-37:variable,37-38:embedded,38-40:string]
line_23=[8-12:variable,13-23:property,24-30:function.method,31-34:variable]
line_24=[8-14:keyword,15-18:variable]
line_26=[4-7:keyword,8-16:function,17-21:variable,23-25:operator,26-29:type]
line_27=[8-14:keyword,15-27:string,27-28:punctuation.special,28-32:variable,32-33:embedded,33-37:property,37-38:embedded,38-40:string]
line_30=[0-3:keyword,4-8:function,11-13:operator,14-18:constant.builtin]
line_31=[4-11:variable,12-13:operator,14-21:function,22-29:string,31-37:variable,37-38:operator,38-42:constant.builtin]
line_32=[4-9:function.builtin,10-17:variable,18-23:function.method,24-31:string]
line_33=[4-9:function.builtin,10-17:variable,18-26:function.method]
line_36=[0-2:keyword,3-11:variable,12-14:operator,15-25:string]
line_37=[4-8:function]
outline=
class_definition:Greeter(57-676)
  function_definition:__init__(111-257)
  function_definition:greeting_count(277-345)
  function_definition:greet(351-603)
  function_definition:farewell(609-676)
function_definition:main(679-806)
