language=py
contentLen=885
highlightLineCount=39
totalTokens=99
line_0=[0-6:keyword,7-9:namespace]
line_1=[0-6:keyword,7-10:namespace]
line_2=[0-4:keyword,5-11:namespace,12-18:keyword,19-23:function,25-33:function]
line_5=[0-5:keyword,6-13:type]
line_6=[4-33:string]
line_8=[4-7:keyword,8-16:function,17-21:variable,23-27:variable,29-32:type,34-40:identifier,42-46:type,47-48:operator,49-54:constant.builtin]
line_9=[8-12:identifier,13-17:property,18-19:operator,20-24:identifier]
line_10=[8-12:identifier,13-19:property,20-21:operator,22-28:identifier]
line_11=[8-12:identifier,13-23:property,25-29:identifier,30-33:type,35-36:operator]
line_13=[4-5:operator,5-13:function]
line_14=[4-7:keyword,8-22:function,23-27:variable,32-35:type]
line_15=[8-14:keyword,15-18:function,19-23:identifier,24-34:property]
line_17=[4-7:keyword,8-13:function,14-18:variable,20-29:variable,31-34:type,39-42:type]
line_18=[8-34:string]
line_19=[8-10:keyword,11-15:identifier,16-22:property]
line_20=[12-15:variable,16-17:operator,18-43:string,31-40:identifier]
line_21=[8-12:keyword]
line_22=[12-15:variable,16-17:operator,18-40:string,28-37:identifier]
line_23=[8-12:identifier,13-23:property,24-30:function.method,31-34:identifier]
line_24=[8-14:keyword,15-18:identifier]
line_26=[4-7:keyword,8-16:function,17-21:variable,26-29:type]
line_27=[8-14:keyword,15-40:string,28-32:identifier,33-37:property]
line_30=[0-3:keyword,4-8:function,14-18:constant.builtin]
line_31=[4-11:variable,12-13:operator,14-21:function,22-29:string,31-37:identifier,37-38:operator,38-42:constant.builtin]
line_32=[4-9:function,10-17:identifier,18-23:function.method,24-31:string]
line_33=[4-9:function,10-17:identifier,18-26:function.method]
line_36=[0-2:keyword,3-11:identifier,12-14:operator,15-25:string]
line_37=[4-8:function]
outline=
class_definition:Greeter(62-703)
  function_definition:__init__(119-268)
  function_definition:greeting_count(291-360)
  function_definition:greet(368-627)
  function_definition:farewell(635-703)
function_definition:main(709-839)
