language=js
contentLen=735
highlightLineCount=37
totalTokens=162
line_0=[0-6:keyword,7-8:punctuation.bracket,9-17:variable,18-19:punctuation.bracket,20-24:keyword,25-38:string,38-39:punctuation.delimiter]
line_1=[0-6:keyword,7-11:variable,12-16:keyword,17-23:string,23-24:punctuation.delimiter]
line_3=[0-5:keyword,6-12:constant,13-14:operator,15-16:punctuation.bracket]
line_4=[4-11:property,13-20:string,20-21:punctuation.delimiter]
line_5=[4-9:property,11-16:constant.builtin,16-17:punctuation.delimiter]
line_6=[4-9:property,11-12:punctuation.bracket]
line_7=[8-12:property,14-18:number,18-19:punctuation.delimiter]
line_8=[8-10:property,12-16:number,16-17:punctuation.delimiter]
line_9=[4-5:punctuation.bracket,5-6:punctuation.delimiter]
line_10=[0-1:punctuation.bracket,1-2:punctuation.delimiter]
line_12=[0-5:keyword,6-12:constructor,13-14:punctuation.bracket]
line_13=[4-15:function.method,15-16:punctuation.bracket,16-21:variable,21-22:punctuation.bracket,23-24:punctuation.bracket]
line_14=[8-12:variable.builtin,12-13:punctuation.delimiter,13-18:property,19-20:operator,21-26:variable,26-27:punctuation.delimiter]
line_15=[8-12:variable.builtin,12-13:punctuation.delimiter,13-17:property,18-19:operator,20-21:punctuation.bracket,21-22:punctuation.bracket,22-23:punctuation.delimiter]
line_16=[4-5:punctuation.bracket]
line_18=[4-7:function.method,7-8:punctuation.bracket,8-15:variable,15-16:punctuation.bracket,17-18:punctuation.bracket]
line_19=[8-13:keyword,14-19:variable,20-21:operator,22-24:string,24-26:punctuation.special,26-29:keyword,29-30:embedded,30-34:constructor,34-35:punctuation.bracket,35-36:punctuation.bracket,36-37:punctuation.delimiter,37-48:function.method,48-49:punctuation.bracket,49-50:punctuation.bracket,50-51:embedded,51-53:string,53-55:punctuation.special,55-62:variable,62-63:embedded,63-64:string,64-65:punctuation.delimiter]
line_20=[8-12:variable.builtin,12-13:punctuation.delimiter,13-17:property,17-18:punctuation.delimiter,18-22:function.method,22-23:punctuation.bracket,23-28:variable,28-29:punctuation.bracket,29-30:punctuation.delimiter]
line_21=[8-10:keyword,11-12:punctuation.bracket,12-16:variable.builtin,16-17:punctuation.delimiter,17-22:property,23-26:operator,27-36:string,36-37:punctuation.bracket,38-39:punctuation.bracket]
line_22=[12-19:variable.builtin,19-20:punctuation.delimiter,20-23:function.method,23-24:punctuation.bracket,24-29:variable,29-30:punctuation.bracket,30-31:punctuation.delimiter]
line_23=[8-9:punctuation.bracket]
line_24=[4-5:punctuation.bracket]
line_26=[4-10:keyword,11-17:function.method,17-18:punctuation.bracket,18-23:variable,24-25:operator,26-32:string,32-33:punctuation.bracket,34-35:punctuation.bracket]
line_27=[8-14:keyword,15-18:keyword,19-25:constructor,25-26:punctuation.bracket,26-31:variable,31-32:punctuation.bracket,32-33:punctuation.delimiter]
line_28=[4-5:punctuation.bracket]
line_29=[0-1:punctuation.bracket]
line_31=[0-5:keyword,6-14:keyword,15-25:function,25-26:punctuation.bracket,26-34:variable,34-35:punctuation.bracket,36-37:punctuation.bracket]
line_32=[4-9:keyword,10-17:variable,18-19:operator,20-25:keyword,26-34:function,34-35:punctuation.bracket,35-43:variable,43-44:punctuation.delimiter,45-52:string,52-53:punctuation.bracket,53-54:punctuation.delimiter]
line_33=[4-10:keyword,11-15:constant,15-16:punctuation.delimiter,16-21:function.method,21-22:punctuation.bracket,22-29:variable,29-30:punctuation.bracket,30-31:punctuation.delimiter]
line_34=[0-1:punctuation.bracket]
line_36=[0-6:keyword,7-8:punctuation.bracket,9-15:constant,15-16:punctuation.delimiter,17-23:constructor,23-24:punctuation.delimiter,25-35:variable,36-37:punctuation.bracket,37-38:punctuation.delimiter]
outline=
class_declaration:Logger(185-566)
  method_definition:constructor(204-282)
  method_definition:log(288-487)
  method_definition:create(493-564)
function_declaration:loadConfig(568-694)
