language=html
contentLen=285
highlightLineCount=18
totalTokens=57
line_0=[0-14:constant,14-15:punctuation.bracket]
line_1=[0-1:punctuation.bracket,1-5:tag,6-10:attribute,12-14:string,15-16:punctuation.bracket]
line_2=[0-1:punctuation.bracket,1-5:tag,5-6:punctuation.bracket]
line_3=[2-3:punctuation.bracket,3-7:tag,8-15:attribute,17-22:string,23-24:punctuation.bracket]
line_4=[2-3:punctuation.bracket,3-8:tag,8-9:punctuation.bracket,15-17:punctuation.bracket,17-22:tag,22-23:punctuation.bracket]
line_5=[2-3:punctuation.bracket,3-8:tag,8-9:punctuation.bracket]
line_7=[2-4:punctuation.bracket,4-9:tag,9-10:punctuation.bracket]
line_8=[0-2:punctuation.bracket,2-6:tag,6-7:punctuation.bracket]
line_9=[0-1:punctuation.bracket,1-5:tag,5-6:punctuation.bracket]
line_10=[2-3:punctuation.bracket,3-5:tag,5-6:punctuation.bracket,12-14:punctuation.bracket,14-16:tag,16-17:punctuation.bracket]
line_11=[2-3:punctuation.bracket,3-4:tag,4-5:punctuation.bracket,11-13:punctuation.bracket,13-14:tag,14-15:punctuation.bracket]
line_12=[2-3:punctuation.bracket,3-9:tag,9-10:punctuation.bracket]
line_14=[2-4:punctuation.bracket,4-10:tag,10-11:punctuation.bracket]
line_15=[0-2:punctuation.bracket,2-6:tag,6-7:punctuation.bracket]
line_16=[0-2:punctuation.bracket,2-6:tag,6-7:punctuation.bracket]
outline=
