language=rs
contentLen=807
highlightLineCount=44
totalTokens=131
line_0=[0-3:keyword,4-7:namespace,7-9:operator,9-20:constant.builtin,20-22:operator,22-29:constant.builtin,29-30:operator]
line_2=[0-2:comment,2-8:identifier,8-9:comment,9-14:identifier,14-16:comment,16-21:identifier,21-23:comment]
line_3=[0-6:keyword,7-11:type]
line_4=[4-6:property,6-7:operator]
line_5=[4-8:property,8-9:operator,10-16:type]
line_6=[4-9:property,9-10:operator,11-17:type]
line_9=[0-4:keyword,5-9:type]
line_10=[4-6:keyword,7-10:function.method,11-13:variable,13-14:operator,20-24:variable,24-25:operator,26-27:operator,32-37:variable,37-38:operator,39-40:operator,45-47:operator,48-52:type]
line_11=[8-12:type]
line_12=[12-14:identifier]
line_13=[12-16:property,16-17:operator,18-22:identifier,23-32:function.method]
line_14=[12-17:property,17-18:operator,19-24:identifier,25-34:function.method]
line_19=[0-6:keyword,7-21:type]
line_20=[4-9:property,9-10:operator,11-18:type,18-19:operator,24-28:type,28-29:operator]
line_23=[0-4:keyword,5-19:type]
line_24=[4-6:keyword,7-10:function.method,13-15:operator,16-20:type]
line_25=[8-12:type,15-20:property,20-21:operator,22-29:namespace,29-31:operator,31-34:constant.builtin]
line_28=[4-6:keyword,7-13:function.method,14-15:operator,15-19:variable,19-23:variable.builtin,25-29:variable,29-30:operator,31-35:type]
line_29=[8-12:variable.builtin,13-18:property,19-25:function.method,26-30:identifier,31-33:property,35-39:identifier,40-41:operator]
line_32=[4-6:keyword,7-10:function.method,11-12:operator,12-16:variable.builtin,18-20:variable,20-21:operator,27-29:operator,30-36:type,36-37:operator,37-38:operator,38-42:type,42-43:operator]
line_33=[8-12:variable.builtin,13-18:property,19-22:function.method,23-24:operator,24-26:identifier]
line_37=[0-2:keyword,3-7:function]
line_38=[4-7:keyword,8-11:keyword,12-16:variable,17-18:operator,19-33:namespace,33-35:operator,35-38:constant.builtin,40-41:operator]
line_39=[4-7:keyword,8-12:variable,13-14:operator,15-19:namespace,19-21:operator,21-24:constant.builtin,25-26:number,28-35:string,37-56:string,57-58:operator]
line_40=[4-8:identifier,9-15:function.method,16-20:identifier,21-22:operator]
line_41=[4-11:function.builtin,11-12:operator,13-19:string,21-25:identifier,26-29:identifier,30-31:number,33-34:operator]
outline=
struct_item:User(56-121)
impl_item:User(123-312)
  function_item:new(139-310)
struct_item:UserRepository(314-370)
impl_item:UserRepository(372-632)
  function_item:new(398-461)
  function_item:insert(467-549)
  function_item:get(555-630)
function_item:main(634-806)
