language=cpp
contentLen=656
highlightLineCount=33
totalTokens=85
line_0=[0-8:keyword,9-19:string]
line_1=[0-8:keyword,9-17:string]
line_2=[0-8:keyword,9-17:string]
line_4=[0-9:keyword]
line_6=[0-5:keyword,6-12:type]
line_7=[0-6:keyword]
line_8=[4-10:function,16-22:type,23-27:variable,29-32:type,33-40:variable,44-49:property,55-59:function,60-64:variable,68-76:property,77-84:variable]
line_10=[9-15:type,16-24:function,27-32:keyword]
line_11=[8-14:keyword,15-24:string,25-26:operator,27-32:variable,33-34:operator,35-39:string,40-41:operator,47-56:function,57-65:variable,67-68:operator,69-72:string,72-73:delimiter]
line_14=[0-7:keyword]
line_15=[9-15:type,16-21:property,21-22:delimiter]
line_16=[4-7:type,8-16:property,16-17:delimiter]
line_17=[1-2:delimiter]
line_19=[5-11:type,11-12:operator,17-23:type,23-24:operator,25-32:function,33-38:keyword,39-45:type,46-47:operator,47-53:variable]
line_20=[9-15:type,15-16:operator,21-27:type,27-28:operator,29-34:variable,34-35:delimiter]
line_21=[4-9:variable,9-10:delimiter,10-19:function,20-26:variable,26-27:delimiter,27-35:function,38-39:delimiter]
line_22=[4-10:keyword,11-16:variable,16-17:delimiter]
line_25=[3-22:comment]
line_27=[0-3:type,4-8:function]
line_28=[12-18:type,19-25:variable,26-34:string,36-37:number,38-39:delimiter]
line_29=[9-13:variable,17-23:variable,23-24:delimiter,24-32:function,43-47:variable,47-48:delimiter]
line_30=[4-10:keyword,11-12:number,12-13:delimiter]
outline=
namespace_definition:glance(57-515)
  class_specifier:Config(77-357)
    function_definition:Config(104-188)
    function_definition:ToString(194-304)
  function_definition:Collect(360-512)
function_definition:main(538-655)
