language=c
contentLen=457
highlightLineCount=25
totalTokens=55
line_0=[0-8:keyword,8-9:keyword,9-18:string,18-19:keyword]
line_1=[0-8:keyword,8-9:keyword,9-19:string,19-20:keyword]
line_3=[0-7:keyword,7-8:keyword,8-16:identifier,16-20:keyword]
line_5=[0-7:keyword,8-14:keyword]
line_6=[4-8:type,14-22:identifier]
line_7=[4-7:type]
line_8=[4-7:type]
line_9=[2-8:type]
line_11=[0-6:keyword,7-11:type,12-24:function,25-30:keyword,31-37:type,39-45:identifier]
line_12=[4-10:function,11-35:string,35-37:escape,37-38:string,40-46:identifier,48-52:property,54-60:identifier,62-69:property,71-77:identifier,79-84:property]
line_15=[0-3:type,4-8:function,9-13:type]
line_16=[4-10:type,11-17:identifier]
line_17=[4-11:function,12-18:identifier,19-23:property,25-33:string,35-43:identifier]
line_18=[4-10:identifier,11-18:property,21-22:number]
line_19=[4-10:identifier,11-16:property,19-20:number]
line_21=[4-16:function,18-24:identifier]
line_22=[4-10:keyword,11-12:number]
outline=
struct_specifier:(69-136)
function_definition:print_config(146-283)
function_definition:main(285-456)
