language=go
contentLen=689
highlightLineCount=37
totalTokens=87
line_0=[0-7:keyword,8-12:namespace]
line_2=[0-6:keyword]
line_3=[4-9:string]
line_4=[4-8:string]
line_5=[4-13:string]
line_8=[0-4:keyword,5-11:type,12-18:keyword,12-22:keyword]
line_9=[0-20:keyword,4-8:property,12-18:type]
line_10=[0-20:keyword,4-11:property,12-18:type]
line_11=[0-18:keyword,4-9:property,12-16:type]
line_12=[0-1:keyword]
line_14=[0-4:keyword,5-14:function,15-19:variable,20-26:type,28-35:variable,36-42:type,44-49:variable,50-54:type,56-57:operator,57-63:type]
line_15=[4-10:keyword,11-12:operator,12-18:type]
line_16=[8-12:identifier,17-21:identifier]
line_17=[8-15:identifier,17-24:identifier]
line_18=[8-13:identifier,17-22:identifier]
line_22=[0-4:keyword,6-7:variable,8-9:operator,9-15:type,17-23:function.method,26-32:type]
line_23=[4-10:keyword,11-14:namespace,15-22:function.method,23-48:string,50-51:namespace,52-56:property,58-59:namespace,60-67:property,69-70:namespace,71-76:property]
line_26=[0-4:keyword,5-9:function]
line_27=[4-10:variable,11-13:operator,14-23:function,24-32:string,34-41:string,43-47:constant.builtin]
line_28=[4-7:namespace,8-15:function.method,16-22:identifier]
line_30=[4-8:variable,9-11:operator,12-14:namespace,15-19:property,20-21:number]
line_31=[4-6:keyword,7-10:function.builtin,11-15:identifier,17-18:operator,19-20:number]
line_32=[8-14:variable,15-17:operator,18-25:namespace,26-30:function.method,31-35:identifier,37-40:string]
line_33=[8-11:namespace,12-18:function.method,19-36:string,33-35:escape,38-44:identifier]
outline=
package_clause:(0-12)
type_declaration:(67-148)
function_declaration:NewConfig(152-324)
method_declaration:String(328-444)
function_declaration:main(448-687)
