language=sh
contentLen=322
highlightLineCount=25
totalTokens=55
line_0=[0-19:comment]
line_1=[0-3:function,4-8:identifier,9-17:identifier]
line_3=[0-8:variable,9-17:string]
line_4=[0-7:variable,8-9:number]
line_6=[0-12:function]
line_7=[10-14:variable,15-16:string,16-17:operator,17-18:variable,18-19:string]
line_8=[4-8:function,9-19:string,19-23:variable,23-28:string,28-35:variable,35-38:string]
line_11=[0-4:function]
line_12=[4-16:function,17-18:string,18-19:operator,19-27:variable,27-28:string]
line_14=[4-7:keyword,8-11:variable,12-14:keyword,15-16:string,16-17:operator,17-18:constant.builtin,18-19:string,21-23:keyword]
line_15=[8-12:function,13-19:string,19-20:operator,20-23:variable,23-24:string]
line_16=[4-8:keyword]
line_18=[4-6:keyword,10-11:string,11-12:operator,12-19:variable,19-20:string,25-26:number,31-35:keyword]
line_19=[8-12:function,13-20:string]
line_20=[4-6:keyword]
line_23=[0-4:function,5-6:string,6-7:operator,7-8:constant.builtin,8-9:string]
outline=
function_definition:print_config(68-145)
function_definition:main(147-310)
