language=sh
contentLen=322
highlightLineCount=25
totalTokens=54
line_0=[0-19:comment]
line_1=[0-3:function,4-8:constant]
line_3=[0-8:property,9-17:string]
line_4=[0-7:property]
line_6=[0-12:function]
line_7=[10-14:property,15-16:string,16-17:operator,17-18:property,18-19:string]
line_8=[4-8:function,9-17:string,17-19:embedded,19-23:property,23-24:embedded,24-26:string,26-28:embedded,28-35:property,35-36:embedded,36-38:string]
line_11=[0-4:function]
line_12=[4-16:function,17-18:string,18-19:operator,19-27:property,27-28:string]
line_14=[4-7:keyword,8-11:property,12-14:keyword,15-16:string,16-17:operator,17-19:string,21-23:keyword]
line_15=[8-12:function,13-19:string,19-20:operator,20-23:property,23-24:string]
line_16=[4-8:keyword]
line_18=[4-6:keyword,10-11:string,11-12:operator,12-19:property,19-20:string,31-35:keyword]
line_19=[8-12:function,13-20:string]
line_20=[4-6:keyword]
line_23=[0-4:function,5-6:string,6-7:operator,7-9:string]
outline=
function_definition:print_config(68-145)
function_definition:main(147-310)
