language=xml
contentLen=362
highlightLineCount=14
totalTokens=114
line_0=[0-2:punctuation.delimiter,2-5:keyword,6-13:property,13-14:operator,14-15:punctuation.delimiter,15-18:number,18-19:punctuation.delimiter,20-28:property,28-29:operator,29-30:punctuation.delimiter,30-35:string.special,35-36:punctuation.delimiter,36-38:punctuation.delimiter]
line_1=[0-22:comment]
line_2=[0-1:punctuation.delimiter,1-8:tag,8-9:punctuation.delimiter,9-10:markup]
line_3=[0-2:markup,2-3:punctuation.delimiter,3-7:tag,8-10:property,10-11:operator,11-12:punctuation.delimiter,12-17:string,17-18:punctuation.delimiter,19-26:property,26-27:operator,27-28:punctuation.delimiter,28-31:string,31-32:punctuation.delimiter,32-33:punctuation.delimiter,33-34:markup]
line_4=[0-4:markup,4-5:punctuation.delimiter,5-11:tag,11-12:punctuation.delimiter,12-32:markup,32-34:punctuation.delimiter,34-40:tag,40-41:punctuation.delimiter,41-42:markup]
line_5=[0-4:markup,4-5:punctuation.delimiter,5-10:tag,10-11:punctuation.delimiter,11-16:markup,16-18:punctuation.delimiter,18-23:tag,23-24:punctuation.delimiter,24-25:markup]
line_6=[0-4:markup,4-5:punctuation.delimiter,5-12:tag,12-13:punctuation.delimiter,13-21:markup.heading,21-22:punctuation.bracket,22-41:markup.raw,41-44:markup.heading,44-46:punctuation.delimiter,46-53:tag,53-54:punctuation.delimiter,54-55:markup]
line_7=[0-2:markup,2-4:punctuation.delimiter,4-8:tag,8-9:punctuation.delimiter,9-10:markup]
line_8=[0-2:markup,2-3:punctuation.delimiter,3-7:tag,8-10:property,10-11:operator,11-12:punctuation.delimiter,12-17:string,17-18:punctuation.delimiter,19-26:property,26-27:operator,27-28:punctuation.delimiter,28-31:string,31-32:punctuation.delimiter,32-33:punctuation.delimiter,33-34:markup]
line_9=[0-4:markup,4-5:punctuation.delimiter,5-11:tag,11-12:punctuation.delimiter,12-23:markup,23-25:punctuation.delimiter,25-31:tag,31-32:punctuation.delimiter,32-33:markup]
line_10=[0-4:markup,4-5:punctuation.delimiter,5-10:tag,10-11:punctuation.delimiter,11-16:markup,16-18:punctuation.delimiter,18-23:tag,23-24:punctuation.delimiter,24-25:markup]
line_11=[0-2:markup,2-4:punctuation.delimiter,4-8:tag,8-9:punctuation.delimiter,9-10:markup]
line_12=[0-2:markup,2-3:punctuation.delimiter,3-8:tag,8-10:punctuation.delimiter,10-11:markup]
line_13=[0-2:punctuation.delimiter,2-9:tag,9-10:punctuation.delimiter]
outline=
