---
source: tests/parse_tests.rs
expression: result
---
CodeParseResult {
    highlights_by_line: [
        [
            HighlightToken {
                start_byte: 0,
                end_byte: 17,
                kind: "comment",
            },
        ],
        [
            HighlightToken {
                start_byte: 0,
                end_byte: 4,
                kind: "tag",
            },
            HighlightToken {
                start_byte: 5,
                end_byte: 6,
                kind: "punctuation.bracket",
            },
            HighlightToken {
                start_byte: 7,
                end_byte: 12,
                kind: "property",
            },
            HighlightToken {
                start_byte: 12,
                end_byte: 13,
                kind: "punctuation.delimiter",
            },
            HighlightToken {
                start_byte: 17,
                end_byte: 18,
                kind: "punctuation.delimiter",
            },
            HighlightToken {
                start_byte: 19,
                end_byte: 20,
                kind: "punctuation.bracket",
            },
        ],
    ],
    outline: [],
}
