---
source: tests/parse_tests.rs
assertion_line: 60
expression: result
---
CodeParseResult {
    highlights_by_line: [
        [
            HighlightToken {
                start_byte: 0,
                end_byte: 14,
                kind: "comment",
            },
        ],
        [
            HighlightToken {
                start_byte: 0,
                end_byte: 7,
                kind: "function.method",
            },
            HighlightToken {
                start_byte: 8,
                end_byte: 19,
                kind: "string",
            },
        ],
        [
            HighlightToken {
                start_byte: 0,
                end_byte: 6,
                kind: "keyword",
            },
            HighlightToken {
                start_byte: 7,
                end_byte: 8,
                kind: "constant",
            },
        ],
        [
            HighlightToken {
                start_byte: 2,
                end_byte: 7,
                kind: "keyword",
            },
            HighlightToken {
                start_byte: 8,
                end_byte: 9,
                kind: "constant",
            },
        ],
        [
            HighlightToken {
                start_byte: 4,
                end_byte: 7,
                kind: "keyword",
            },
            HighlightToken {
                start_byte: 8,
                end_byte: 9,
                kind: "function.method",
            },
            HighlightToken {
                start_byte: 9,
                end_byte: 10,
                kind: "punctuation.bracket",
            },
            HighlightToken {
                start_byte: 10,
                end_byte: 11,
                kind: "function.method",
            },
            HighlightToken {
                start_byte: 11,
                end_byte: 12,
                kind: "punctuation.bracket",
            },
        ],
        [
            HighlightToken {
                start_byte: 6,
                end_byte: 7,
                kind: "function.method",
            },
            HighlightToken {
                start_byte: 10,
                end_byte: 11,
                kind: "number",
            },
            HighlightToken {
                start_byte: 14,
                end_byte: 15,
                kind: "number",
            },
            HighlightToken {
                start_byte: 18,
                end_byte: 19,
                kind: "number",
            },
        ],
        [
            HighlightToken {
                start_byte: 4,
                end_byte: 7,
                kind: "keyword",
            },
        ],
        [
            HighlightToken {
                start_byte: 2,
                end_byte: 5,
                kind: "keyword",
            },
        ],
        [
            HighlightToken {
                start_byte: 0,
                end_byte: 3,
                kind: "keyword",
            },
        ],
        [],
    ],
    outline: [],
}
