---
source: tests/parse_tests.rs
expression: result
---
CodeParseResult {
    highlights_by_line: [
        [
            HighlightToken {
                start_byte: 0,
                end_byte: 15,
                kind: "comment",
            },
        ],
        [
            HighlightToken {
                start_byte: 0,
                end_byte: 2,
                kind: "keyword",
            },
            HighlightToken {
                start_byte: 3,
                end_byte: 7,
                kind: "function",
            },
            HighlightToken {
                start_byte: 7,
                end_byte: 8,
                kind: "punctuation.bracket",
            },
            HighlightToken {
                start_byte: 8,
                end_byte: 9,
                kind: "punctuation.bracket",
            },
            HighlightToken {
                start_byte: 10,
                end_byte: 11,
                kind: "punctuation.bracket",
            },
            HighlightToken {
                start_byte: 12,
                end_byte: 23,
                kind: "comment",
            },
            HighlightToken {
                start_byte: 24,
                end_byte: 27,
                kind: "keyword",
            },
            HighlightToken {
                start_byte: 32,
                end_byte: 33,
                kind: "constant.builtin",
            },
            HighlightToken {
                start_byte: 33,
                end_byte: 34,
                kind: "punctuation.delimiter",
            },
            HighlightToken {
                start_byte: 35,
                end_byte: 36,
                kind: "punctuation.bracket",
            },
        ],
    ],
    outline: [
        OutlineNode {
            kind: "function_item",
            name: "main",
            detail: "",
            start_byte: 16,
            end_byte: 52,
            children: [],
        },
    ],
}
