---
source: tests/parse_tests.rs
assertion_line: 98
expression: result
---
CodeParseResult {
    highlights_by_line: [
        [
            HighlightToken {
                start_byte: 0,
                end_byte: 11,
                kind: "comment",
            },
        ],
        [
            HighlightToken {
                start_byte: 0,
                end_byte: 2,
                kind: "keyword",
            },
            HighlightToken {
                start_byte: 3,
                end_byte: 7,
                kind: "function",
            },
            HighlightToken {
                start_byte: 7,
                end_byte: 8,
                kind: "punctuation.bracket",
            },
            HighlightToken {
                start_byte: 8,
                end_byte: 9,
                kind: "punctuation.bracket",
            },
            HighlightToken {
                start_byte: 10,
                end_byte: 11,
                kind: "punctuation.bracket",
            },
        ],
        [
            HighlightToken {
                start_byte: 4,
                end_byte: 7,
                kind: "keyword",
            },
            HighlightToken {
                start_byte: 12,
                end_byte: 25,
                kind: "string",
            },
            HighlightToken {
                start_byte: 25,
                end_byte: 26,
                kind: "punctuation.delimiter",
            },
        ],
        [
            HighlightToken {
                start_byte: 4,
                end_byte: 11,
                kind: "function.macro",
            },
            HighlightToken {
                start_byte: 11,
                end_byte: 12,
                kind: "function.macro",
            },
            HighlightToken {
                start_byte: 12,
                end_byte: 13,
                kind: "punctuation.bracket",
            },
            HighlightToken {
                start_byte: 13,
                end_byte: 17,
                kind: "string",
            },
            HighlightToken {
                start_byte: 17,
                end_byte: 18,
                kind: "punctuation.delimiter",
            },
            HighlightToken {
                start_byte: 20,
                end_byte: 21,
                kind: "punctuation.bracket",
            },
            HighlightToken {
                start_byte: 21,
                end_byte: 22,
                kind: "punctuation.delimiter",
            },
        ],
        [
            HighlightToken {
                start_byte: 0,
                end_byte: 1,
                kind: "punctuation.bracket",
            },
        ],
        [],
    ],
    outline: [
        OutlineNode {
            kind: "function_item",
            name: "main",
            detail: "",
            start_byte: 12,
            end_byte: 75,
            children: [],
        },
    ],
}
