---
source: tests/parse_tests.rs
assertion_line: 216
expression: result
---
CodeParseResult {
    highlights_by_line: [
        [
            HighlightToken {
                start_byte: 0,
                end_byte: 3,
                kind: "keyword",
            },
            HighlightToken {
                start_byte: 7,
                end_byte: 9,
                kind: "punctuation.delimiter",
            },
            HighlightToken {
                start_byte: 12,
                end_byte: 13,
                kind: "punctuation.delimiter",
            },
        ],
        [],
        [
            HighlightToken {
                start_byte: 0,
                end_byte: 3,
                kind: "keyword",
            },
            HighlightToken {
                start_byte: 10,
                end_byte: 11,
                kind: "punctuation.bracket",
            },
        ],
        [
            HighlightToken {
                start_byte: 4,
                end_byte: 7,
                kind: "keyword",
            },
            HighlightToken {
                start_byte: 8,
                end_byte: 10,
                kind: "keyword",
            },
            HighlightToken {
                start_byte: 11,
                end_byte: 17,
                kind: "function",
            },
            HighlightToken {
                start_byte: 17,
                end_byte: 18,
                kind: "punctuation.bracket",
            },
            HighlightToken {
                start_byte: 18,
                end_byte: 19,
                kind: "punctuation.bracket",
            },
            HighlightToken {
                start_byte: 23,
                end_byte: 26,
                kind: "type.builtin",
            },
            HighlightToken {
                start_byte: 27,
                end_byte: 28,
                kind: "punctuation.bracket",
            },
        ],
        [
            HighlightToken {
                start_byte: 8,
                end_byte: 10,
                kind: "constant.builtin",
            },
        ],
        [
            HighlightToken {
                start_byte: 4,
                end_byte: 5,
                kind: "punctuation.bracket",
            },
        ],
        [
            HighlightToken {
                start_byte: 0,
                end_byte: 1,
                kind: "punctuation.bracket",
            },
        ],
        [],
        [
            HighlightToken {
                start_byte: 0,
                end_byte: 2,
                kind: "keyword",
            },
            HighlightToken {
                start_byte: 3,
                end_byte: 7,
                kind: "function",
            },
            HighlightToken {
                start_byte: 7,
                end_byte: 8,
                kind: "punctuation.bracket",
            },
            HighlightToken {
                start_byte: 8,
                end_byte: 9,
                kind: "punctuation.bracket",
            },
            HighlightToken {
                start_byte: 10,
                end_byte: 11,
                kind: "punctuation.bracket",
            },
        ],
        [
            HighlightToken {
                start_byte: 4,
                end_byte: 7,
                kind: "keyword",
            },
            HighlightToken {
                start_byte: 12,
                end_byte: 13,
                kind: "constant.builtin",
            },
            HighlightToken {
                start_byte: 13,
                end_byte: 14,
                kind: "punctuation.delimiter",
            },
        ],
        [
            HighlightToken {
                start_byte: 0,
                end_byte: 1,
                kind: "punctuation.bracket",
            },
        ],
        [],
    ],
    outline: [
        OutlineNode {
            kind: "mod_item",
            name: "utils",
            detail: "",
            start_byte: 15,
            end_byte: 74,
            children: [
                OutlineNode {
                    kind: "function_item",
                    name: "helper",
                    detail: "",
                    start_byte: 31,
                    end_byte: 72,
                    children: [],
                },
            ],
        },
        OutlineNode {
            kind: "function_item",
            name: "main",
            detail: "",
            start_byte: 76,
            end_byte: 104,
            children: [],
        },
    ],
}
